com/sportsevents/service/JwtService.class
com/sportsevents/dto/TokenResponse.class
com/sportsevents/repository/EventRepository.class
com/sportsevents/entity/User.class
com/sportsevents/controller/ReviewController.class
com/sportsevents/repository/ReviewRepository.class
com/sportsevents/repository/SubscriptionRepository.class
com/sportsevents/controller/AuthController.class
com/sportsevents/controller/SubscriptionController.class
com/sportsevents/controller/HealthController.class
com/sportsevents/controller/UserController.class
com/sportsevents/dto/RegisterRequest.class
com/sportsevents/entity/Organizer.class
com/sportsevents/entity/Event.class
com/sportsevents/repository/UserRepository.class
com/sportsevents/config/SecurityConfig.class
com/sportsevents/entity/Subscription.class
com/sportsevents/entity/Review.class
com/sportsevents/repository/OrganizerRepository.class
com/sportsevents/filter/JwtAuthenticationFilter.class
com/sportsevents/dto/LoginRequest.class
com/sportsevents/util/SecurityUtil.class
com/sportsevents/SportsEventsApplication.class
com/sportsevents/service/AuthService.class
com/sportsevents/controller/EventController.class
