/Users/ivanfrolovich/Desktop/Январь/sports-events/backend_java/src/main/java/com/sportsevents/repository/EventRepository.java
/Users/ivanfrolovich/Desktop/Январь/sports-events/backend_java/src/main/java/com/sportsevents/controller/AuthController.java
/Users/ivanfrolovich/Desktop/Январь/sports-events/backend_java/src/main/java/com/sportsevents/repository/SubscriptionRepository.java
/Users/ivanfrolovich/Desktop/Январь/sports-events/backend_java/src/main/java/com/sportsevents/SportsEventsApplication.java
/Users/ivanfrolovich/Desktop/Январь/sports-events/backend_java/src/main/java/com/sportsevents/entity/User.java
/Users/ivanfrolovich/Desktop/Январь/sports-events/backend_java/src/main/java/com/sportsevents/entity/Event.java
/Users/ivanfrolovich/Desktop/Январь/sports-events/backend_java/src/main/java/com/sportsevents/controller/ReviewController.java
/Users/ivanfrolovich/Desktop/Январь/sports-events/backend_java/src/main/java/com/sportsevents/controller/EventController.java
/Users/ivanfrolovich/Desktop/Январь/sports-events/backend_java/src/main/java/com/sportsevents/entity/Review.java
/Users/ivanfrolovich/Desktop/Январь/sports-events/backend_java/src/main/java/com/sportsevents/controller/HealthController.java
/Users/ivanfrolovich/Desktop/Январь/sports-events/backend_java/src/main/java/com/sportsevents/util/SecurityUtil.java
/Users/ivanfrolovich/Desktop/Январь/sports-events/backend_java/src/main/java/com/sportsevents/repository/UserRepository.java
/Users/ivanfrolovich/Desktop/Январь/sports-events/backend_java/src/main/java/com/sportsevents/dto/TokenResponse.java
/Users/ivanfrolovich/Desktop/Январь/sports-events/backend_java/src/main/java/com/sportsevents/controller/SubscriptionController.java
/Users/ivanfrolovich/Desktop/Январь/sports-events/backend_java/src/main/java/com/sportsevents/service/JwtService.java
/Users/ivanfrolovich/Desktop/Январь/sports-events/backend_java/src/main/java/com/sportsevents/filter/JwtAuthenticationFilter.java
/Users/ivanfrolovich/Desktop/Январь/sports-events/backend_java/src/main/java/com/sportsevents/dto/RegisterRequest.java
/Users/ivanfrolovich/Desktop/Январь/sports-events/backend_java/src/main/java/com/sportsevents/controller/UserController.java
/Users/ivanfrolovich/Desktop/Январь/sports-events/backend_java/src/main/java/com/sportsevents/repository/ReviewRepository.java
/Users/ivanfrolovich/Desktop/Январь/sports-events/backend_java/src/main/java/com/sportsevents/config/SecurityConfig.java
/Users/ivanfrolovich/Desktop/Январь/sports-events/backend_java/src/main/java/com/sportsevents/entity/Organizer.java
/Users/ivanfrolovich/Desktop/Январь/sports-events/backend_java/src/main/java/com/sportsevents/entity/Subscription.java
/Users/ivanfrolovich/Desktop/Январь/sports-events/backend_java/src/main/java/com/sportsevents/dto/LoginRequest.java
/Users/ivanfrolovich/Desktop/Январь/sports-events/backend_java/src/main/java/com/sportsevents/service/AuthService.java
/Users/ivanfrolovich/Desktop/Январь/sports-events/backend_java/src/main/java/com/sportsevents/repository/OrganizerRepository.java
